<script>
  import Child from "./Child.svelte";
</script>

<div class="host">
  <Child parts$$={{"default":"svelte-child-7fet96"}} />
</div>

<style>
  .host:hover :global(.svelte-child-7fet96) {
		transform: scale(1.1);
	}
</style>
