<h1  class={$$props.parts$$?.default$$}>Hello!</h1>
